
Loading design for application trce from file adder8bit00_adder8bit0.ncd.
Design name: adder8bit00
NCD version: 3.3
Vendor:      LATTICE
Device:      LCMXO2-7000HE
Package:     TQFP144
Performance: 5
Loading device for application trce from file 'xo2c7000.nph' in environment: C:/lscc/diamond/3.12/ispfpga.
Package Status:                     Final          Version 1.39.
Performance Hardware Data Status:   Final          Version 34.4.
Setup and Hold Report

--------------------------------------------------------------------------------
Lattice TRACE Report - Setup, Version Diamond (64-bit) 3.12.0.240.2
Tue Mar 16 23:12:41 2021

Copyright (c) 1991-1994 by NeoCAD Inc. All rights reserved.
Copyright (c) 1995 AT&T Corp.   All rights reserved.
Copyright (c) 1995-2001 Lucent Technologies Inc.  All rights reserved.
Copyright (c) 2001 Agere Systems   All rights reserved.
Copyright (c) 2002-2020 Lattice Semiconductor Corporation,  All rights reserved.

Report Information
------------------
Command line:    trce -v 10 -gt -sethld -sp 5 -sphld m -o adder8bit00_adder8bit0.twr -gui adder8bit00_adder8bit0.ncd adder8bit00_adder8bit0.prf 
Design file:     adder8bit00_adder8bit0.ncd
Preference file: adder8bit00_adder8bit0.prf
Device,speed:    LCMXO2-7000HE,5
Report level:    verbose report, limited to 10 items per preference
--------------------------------------------------------------------------------

BLOCK ASYNCPATHS
BLOCK RESETPATHS
--------------------------------------------------------------------------------



================================================================================
Preference: Default path enumeration
            299 items scored, 0 timing errors detected.
--------------------------------------------------------------------------------

Report:   20.926ns delay SL to So[2]

   Name    Fanout   Delay (ns)          Site               Resource
PADI_DEL    ---     1.372         57.PAD to       57.PADDI SL
ROUTE        15     2.757       57.PADDI to     R25C18C.B1 SL_c
CTOF_DEL    ---     0.452     R25C18C.B1 to     R25C18C.F1 SLICE_3
ROUTE         2     0.392     R25C18C.F1 to     R25C18C.C0 SC[0]
CTOF_DEL    ---     0.452     R25C18C.C0 to     R25C18C.F0 SLICE_3
ROUTE         2     0.859     R25C18C.F0 to     R25C17D.A1 SC[1]
CTOF_DEL    ---     0.452     R25C17D.A1 to     R25C17D.F1 SLICE_2
ROUTE         2     0.392     R25C17D.F1 to     R25C17D.C0 SC[2]
CTOF_DEL    ---     0.452     R25C17D.C0 to     R25C17D.F0 SLICE_2
ROUTE         2     0.865     R25C17D.F0 to     R25C16D.A1 SC[3]
CTOF_DEL    ---     0.452     R25C16D.A1 to     R25C16D.F1 SLICE_1
ROUTE         2     0.392     R25C16D.F1 to     R25C16D.C0 SC[4]
CTOF_DEL    ---     0.452     R25C16D.C0 to     R25C16D.F0 SLICE_1
ROUTE         2     0.269     R25C16D.F0 to     R25C17A.D1 SC[5]
CTOF_DEL    ---     0.452     R25C17A.D1 to     R25C17A.F1 SLICE_0
ROUTE         2     0.618     R25C17A.F1 to     R25C17A.B0 SC[6]
CTOF_DEL    ---     0.452     R25C17A.B0 to     R25C17A.F0 SLICE_0
ROUTE         8     0.900     R25C17A.F0 to     R25C18B.A0 LED_c
CTOF_DEL    ---     0.452     R25C18B.A0 to     R25C18B.F0 SLICE_8
ROUTE         1     4.594     R25C18B.F0 to      113.PADDO So_c[2]
DOPAD_DEL   ---     3.448      113.PADDO to        113.PAD So[2]
                  --------
                   20.926   (42.5% logic, 57.5% route), 11 logic levels.

Report:   20.842ns delay SL to So[5]

   Name    Fanout   Delay (ns)          Site               Resource
PADI_DEL    ---     1.372         57.PAD to       57.PADDI SL
ROUTE        15     2.757       57.PADDI to     R25C18C.B1 SL_c
CTOF_DEL    ---     0.452     R25C18C.B1 to     R25C18C.F1 SLICE_3
ROUTE         2     0.392     R25C18C.F1 to     R25C18C.C0 SC[0]
CTOF_DEL    ---     0.452     R25C18C.C0 to     R25C18C.F0 SLICE_3
ROUTE         2     0.859     R25C18C.F0 to     R25C17D.A1 SC[1]
CTOF_DEL    ---     0.452     R25C17D.A1 to     R25C17D.F1 SLICE_2
ROUTE         2     0.392     R25C17D.F1 to     R25C17D.C0 SC[2]
CTOF_DEL    ---     0.452     R25C17D.C0 to     R25C17D.F0 SLICE_2
ROUTE         2     0.865     R25C17D.F0 to     R25C16D.A1 SC[3]
CTOF_DEL    ---     0.452     R25C16D.A1 to     R25C16D.F1 SLICE_1
ROUTE         2     0.392     R25C16D.F1 to     R25C16D.C0 SC[4]
CTOF_DEL    ---     0.452     R25C16D.C0 to     R25C16D.F0 SLICE_1
ROUTE         2     0.269     R25C16D.F0 to     R25C17A.D1 SC[5]
CTOF_DEL    ---     0.452     R25C17A.D1 to     R25C17A.F1 SLICE_0
ROUTE         2     0.618     R25C17A.F1 to     R25C17A.B0 SC[6]
CTOF_DEL    ---     0.452     R25C17A.B0 to     R25C17A.F0 SLICE_0
ROUTE         8     1.258     R25C17A.F0 to     R25C16B.A0 LED_c
CTOF_DEL    ---     0.452     R25C16B.A0 to     R25C16B.F0 SLICE_5
ROUTE         1     4.152     R25C16B.F0 to      121.PADDO So_c[5]
DOPAD_DEL   ---     3.448      121.PADDO to        121.PAD So[5]
                  --------
                   20.842   (42.6% logic, 57.4% route), 11 logic levels.

Report:   20.544ns delay SL to So[1]

   Name    Fanout   Delay (ns)          Site               Resource
PADI_DEL    ---     1.372         57.PAD to       57.PADDI SL
ROUTE        15     2.757       57.PADDI to     R25C18C.B1 SL_c
CTOF_DEL    ---     0.452     R25C18C.B1 to     R25C18C.F1 SLICE_3
ROUTE         2     0.392     R25C18C.F1 to     R25C18C.C0 SC[0]
CTOF_DEL    ---     0.452     R25C18C.C0 to     R25C18C.F0 SLICE_3
ROUTE         2     0.859     R25C18C.F0 to     R25C17D.A1 SC[1]
CTOF_DEL    ---     0.452     R25C17D.A1 to     R25C17D.F1 SLICE_2
ROUTE         2     0.392     R25C17D.F1 to     R25C17D.C0 SC[2]
CTOF_DEL    ---     0.452     R25C17D.C0 to     R25C17D.F0 SLICE_2
ROUTE         2     0.865     R25C17D.F0 to     R25C16D.A1 SC[3]
CTOF_DEL    ---     0.452     R25C16D.A1 to     R25C16D.F1 SLICE_1
ROUTE         2     0.392     R25C16D.F1 to     R25C16D.C0 SC[4]
CTOF_DEL    ---     0.452     R25C16D.C0 to     R25C16D.F0 SLICE_1
ROUTE         2     0.269     R25C16D.F0 to     R25C17A.D1 SC[5]
CTOF_DEL    ---     0.452     R25C17A.D1 to     R25C17A.F1 SLICE_0
ROUTE         2     0.618     R25C17A.F1 to     R25C17A.B0 SC[6]
CTOF_DEL    ---     0.452     R25C17A.B0 to     R25C17A.F0 SLICE_0
ROUTE         8     0.705     R25C17A.F0 to     R25C18A.C0 LED_c
CTOF_DEL    ---     0.452     R25C18A.C0 to     R25C18A.F0 SLICE_9
ROUTE         1     4.407     R25C18A.F0 to      111.PADDO So_c[1]
DOPAD_DEL   ---     3.448      111.PADDO to        111.PAD So[1]
                  --------
                   20.544   (43.3% logic, 56.7% route), 11 logic levels.

Report:   20.428ns delay Ai[0] to So[2]

   Name    Fanout   Delay (ns)          Site               Resource
PADI_DEL    ---     1.372         56.PAD to       56.PADDI Ai[0]
ROUTE         2     2.259       56.PADDI to     R25C18C.A1 Ai_c[0]
CTOF_DEL    ---     0.452     R25C18C.A1 to     R25C18C.F1 SLICE_3
ROUTE         2     0.392     R25C18C.F1 to     R25C18C.C0 SC[0]
CTOF_DEL    ---     0.452     R25C18C.C0 to     R25C18C.F0 SLICE_3
ROUTE         2     0.859     R25C18C.F0 to     R25C17D.A1 SC[1]
CTOF_DEL    ---     0.452     R25C17D.A1 to     R25C17D.F1 SLICE_2
ROUTE         2     0.392     R25C17D.F1 to     R25C17D.C0 SC[2]
CTOF_DEL    ---     0.452     R25C17D.C0 to     R25C17D.F0 SLICE_2
ROUTE         2     0.865     R25C17D.F0 to     R25C16D.A1 SC[3]
CTOF_DEL    ---     0.452     R25C16D.A1 to     R25C16D.F1 SLICE_1
ROUTE         2     0.392     R25C16D.F1 to     R25C16D.C0 SC[4]
CTOF_DEL    ---     0.452     R25C16D.C0 to     R25C16D.F0 SLICE_1
ROUTE         2     0.269     R25C16D.F0 to     R25C17A.D1 SC[5]
CTOF_DEL    ---     0.452     R25C17A.D1 to     R25C17A.F1 SLICE_0
ROUTE         2     0.618     R25C17A.F1 to     R25C17A.B0 SC[6]
CTOF_DEL    ---     0.452     R25C17A.B0 to     R25C17A.F0 SLICE_0
ROUTE         8     0.900     R25C17A.F0 to     R25C18B.A0 LED_c
CTOF_DEL    ---     0.452     R25C18B.A0 to     R25C18B.F0 SLICE_8
ROUTE         1     4.594     R25C18B.F0 to      113.PADDO So_c[2]
DOPAD_DEL   ---     3.448      113.PADDO to        113.PAD So[2]
                  --------
                   20.428   (43.5% logic, 56.5% route), 11 logic levels.

Report:   20.389ns delay SL to So[0]

   Name    Fanout   Delay (ns)          Site               Resource
PADI_DEL    ---     1.372         57.PAD to       57.PADDI SL
ROUTE        15     2.757       57.PADDI to     R25C18C.B1 SL_c
CTOF_DEL    ---     0.452     R25C18C.B1 to     R25C18C.F1 SLICE_3
ROUTE         2     0.392     R25C18C.F1 to     R25C18C.C0 SC[0]
CTOF_DEL    ---     0.452     R25C18C.C0 to     R25C18C.F0 SLICE_3
ROUTE         2     0.859     R25C18C.F0 to     R25C17D.A1 SC[1]
CTOF_DEL    ---     0.452     R25C17D.A1 to     R25C17D.F1 SLICE_2
ROUTE         2     0.392     R25C17D.F1 to     R25C17D.C0 SC[2]
CTOF_DEL    ---     0.452     R25C17D.C0 to     R25C17D.F0 SLICE_2
ROUTE         2     0.865     R25C17D.F0 to     R25C16D.A1 SC[3]
CTOF_DEL    ---     0.452     R25C16D.A1 to     R25C16D.F1 SLICE_1
ROUTE         2     0.392     R25C16D.F1 to     R25C16D.C0 SC[4]
CTOF_DEL    ---     0.452     R25C16D.C0 to     R25C16D.F0 SLICE_1
ROUTE         2     0.269     R25C16D.F0 to     R25C17A.D1 SC[5]
CTOF_DEL    ---     0.452     R25C17A.D1 to     R25C17A.F1 SLICE_0
ROUTE         2     0.618     R25C17A.F1 to     R25C17A.B0 SC[6]
CTOF_DEL    ---     0.452     R25C17A.B0 to     R25C17A.F0 SLICE_0
ROUTE         8     0.900     R25C17A.F0 to     R25C18D.A0 LED_c
CTOF_DEL    ---     0.452     R25C18D.A0 to     R25C18D.F0 SLICE_10
ROUTE         1     4.057     R25C18D.F0 to      109.PADDO So_c[0]
DOPAD_DEL   ---     3.448      109.PADDO to        109.PAD So[0]
                  --------
                   20.389   (43.6% logic, 56.4% route), 11 logic levels.

Report:   20.374ns delay SL to So[4]

   Name    Fanout   Delay (ns)          Site               Resource
PADI_DEL    ---     1.372         57.PAD to       57.PADDI SL
ROUTE        15     2.757       57.PADDI to     R25C18C.B1 SL_c
CTOF_DEL    ---     0.452     R25C18C.B1 to     R25C18C.F1 SLICE_3
ROUTE         2     0.392     R25C18C.F1 to     R25C18C.C0 SC[0]
CTOF_DEL    ---     0.452     R25C18C.C0 to     R25C18C.F0 SLICE_3
ROUTE         2     0.859     R25C18C.F0 to     R25C17D.A1 SC[1]
CTOF_DEL    ---     0.452     R25C17D.A1 to     R25C17D.F1 SLICE_2
ROUTE         2     0.392     R25C17D.F1 to     R25C17D.C0 SC[2]
CTOF_DEL    ---     0.452     R25C17D.C0 to     R25C17D.F0 SLICE_2
ROUTE         2     0.865     R25C17D.F0 to     R25C16D.A1 SC[3]
CTOF_DEL    ---     0.452     R25C16D.A1 to     R25C16D.F1 SLICE_1
ROUTE         2     0.392     R25C16D.F1 to     R25C16D.C0 SC[4]
CTOF_DEL    ---     0.452     R25C16D.C0 to     R25C16D.F0 SLICE_1
ROUTE         2     0.269     R25C16D.F0 to     R25C17A.D1 SC[5]
CTOF_DEL    ---     0.452     R25C17A.D1 to     R25C17A.F1 SLICE_0
ROUTE         2     0.618     R25C17A.F1 to     R25C17A.B0 SC[6]
CTOF_DEL    ---     0.452     R25C17A.B0 to     R25C17A.F0 SLICE_0
ROUTE         8     0.948     R25C17A.F0 to     R25C16C.D0 LED_c
CTOF_DEL    ---     0.452     R25C16C.D0 to     R25C16C.F0 SLICE_6
ROUTE         1     3.994     R25C16C.F0 to      119.PADDO So_c[4]
DOPAD_DEL   ---     3.448      119.PADDO to        119.PAD So[4]
                  --------
                   20.374   (43.6% logic, 56.4% route), 11 logic levels.

Report:   20.344ns delay Ai[0] to So[5]

   Name    Fanout   Delay (ns)          Site               Resource
PADI_DEL    ---     1.372         56.PAD to       56.PADDI Ai[0]
ROUTE         2     2.259       56.PADDI to     R25C18C.A1 Ai_c[0]
CTOF_DEL    ---     0.452     R25C18C.A1 to     R25C18C.F1 SLICE_3
ROUTE         2     0.392     R25C18C.F1 to     R25C18C.C0 SC[0]
CTOF_DEL    ---     0.452     R25C18C.C0 to     R25C18C.F0 SLICE_3
ROUTE         2     0.859     R25C18C.F0 to     R25C17D.A1 SC[1]
CTOF_DEL    ---     0.452     R25C17D.A1 to     R25C17D.F1 SLICE_2
ROUTE         2     0.392     R25C17D.F1 to     R25C17D.C0 SC[2]
CTOF_DEL    ---     0.452     R25C17D.C0 to     R25C17D.F0 SLICE_2
ROUTE         2     0.865     R25C17D.F0 to     R25C16D.A1 SC[3]
CTOF_DEL    ---     0.452     R25C16D.A1 to     R25C16D.F1 SLICE_1
ROUTE         2     0.392     R25C16D.F1 to     R25C16D.C0 SC[4]
CTOF_DEL    ---     0.452     R25C16D.C0 to     R25C16D.F0 SLICE_1
ROUTE         2     0.269     R25C16D.F0 to     R25C17A.D1 SC[5]
CTOF_DEL    ---     0.452     R25C17A.D1 to     R25C17A.F1 SLICE_0
ROUTE         2     0.618     R25C17A.F1 to     R25C17A.B0 SC[6]
CTOF_DEL    ---     0.452     R25C17A.B0 to     R25C17A.F0 SLICE_0
ROUTE         8     1.258     R25C17A.F0 to     R25C16B.A0 LED_c
CTOF_DEL    ---     0.452     R25C16B.A0 to     R25C16B.F0 SLICE_5
ROUTE         1     4.152     R25C16B.F0 to      121.PADDO So_c[5]
DOPAD_DEL   ---     3.448      121.PADDO to        121.PAD So[5]
                  --------
                   20.344   (43.7% logic, 56.3% route), 11 logic levels.

Report:   20.131ns delay SL to So[2]

   Name    Fanout   Delay (ns)          Site               Resource
PADI_DEL    ---     1.372         57.PAD to       57.PADDI SL
ROUTE        15     2.806       57.PADDI to     R25C18C.D0 SL_c
CTOF_DEL    ---     0.452     R25C18C.D0 to     R25C18C.F0 SLICE_3
ROUTE         2     0.859     R25C18C.F0 to     R25C17D.A1 SC[1]
CTOF_DEL    ---     0.452     R25C17D.A1 to     R25C17D.F1 SLICE_2
ROUTE         2     0.392     R25C17D.F1 to     R25C17D.C0 SC[2]
CTOF_DEL    ---     0.452     R25C17D.C0 to     R25C17D.F0 SLICE_2
ROUTE         2     0.865     R25C17D.F0 to     R25C16D.A1 SC[3]
CTOF_DEL    ---     0.452     R25C16D.A1 to     R25C16D.F1 SLICE_1
ROUTE         2     0.392     R25C16D.F1 to     R25C16D.C0 SC[4]
CTOF_DEL    ---     0.452     R25C16D.C0 to     R25C16D.F0 SLICE_1
ROUTE         2     0.269     R25C16D.F0 to     R25C17A.D1 SC[5]
CTOF_DEL    ---     0.452     R25C17A.D1 to     R25C17A.F1 SLICE_0
ROUTE         2     0.618     R25C17A.F1 to     R25C17A.B0 SC[6]
CTOF_DEL    ---     0.452     R25C17A.B0 to     R25C17A.F0 SLICE_0
ROUTE         8     0.900     R25C17A.F0 to     R25C18B.A0 LED_c
CTOF_DEL    ---     0.452     R25C18B.A0 to     R25C18B.F0 SLICE_8
ROUTE         1     4.594     R25C18B.F0 to      113.PADDO So_c[2]
DOPAD_DEL   ---     3.448      113.PADDO to        113.PAD So[2]
                  --------
                   20.131   (41.9% logic, 58.1% route), 10 logic levels.

Report:   20.047ns delay SL to So[5]

   Name    Fanout   Delay (ns)          Site               Resource
PADI_DEL    ---     1.372         57.PAD to       57.PADDI SL
ROUTE        15     2.806       57.PADDI to     R25C18C.D0 SL_c
CTOF_DEL    ---     0.452     R25C18C.D0 to     R25C18C.F0 SLICE_3
ROUTE         2     0.859     R25C18C.F0 to     R25C17D.A1 SC[1]
CTOF_DEL    ---     0.452     R25C17D.A1 to     R25C17D.F1 SLICE_2
ROUTE         2     0.392     R25C17D.F1 to     R25C17D.C0 SC[2]
CTOF_DEL    ---     0.452     R25C17D.C0 to     R25C17D.F0 SLICE_2
ROUTE         2     0.865     R25C17D.F0 to     R25C16D.A1 SC[3]
CTOF_DEL    ---     0.452     R25C16D.A1 to     R25C16D.F1 SLICE_1
ROUTE         2     0.392     R25C16D.F1 to     R25C16D.C0 SC[4]
CTOF_DEL    ---     0.452     R25C16D.C0 to     R25C16D.F0 SLICE_1
ROUTE         2     0.269     R25C16D.F0 to     R25C17A.D1 SC[5]
CTOF_DEL    ---     0.452     R25C17A.D1 to     R25C17A.F1 SLICE_0
ROUTE         2     0.618     R25C17A.F1 to     R25C17A.B0 SC[6]
CTOF_DEL    ---     0.452     R25C17A.B0 to     R25C17A.F0 SLICE_0
ROUTE         8     1.258     R25C17A.F0 to     R25C16B.A0 LED_c
CTOF_DEL    ---     0.452     R25C16B.A0 to     R25C16B.F0 SLICE_5
ROUTE         1     4.152     R25C16B.F0 to      121.PADDO So_c[5]
DOPAD_DEL   ---     3.448      121.PADDO to        121.PAD So[5]
                  --------
                   20.047   (42.1% logic, 57.9% route), 10 logic levels.

Report:   20.046ns delay Ai[0] to So[1]

   Name    Fanout   Delay (ns)          Site               Resource
PADI_DEL    ---     1.372         56.PAD to       56.PADDI Ai[0]
ROUTE         2     2.259       56.PADDI to     R25C18C.A1 Ai_c[0]
CTOF_DEL    ---     0.452     R25C18C.A1 to     R25C18C.F1 SLICE_3
ROUTE         2     0.392     R25C18C.F1 to     R25C18C.C0 SC[0]
CTOF_DEL    ---     0.452     R25C18C.C0 to     R25C18C.F0 SLICE_3
ROUTE         2     0.859     R25C18C.F0 to     R25C17D.A1 SC[1]
CTOF_DEL    ---     0.452     R25C17D.A1 to     R25C17D.F1 SLICE_2
ROUTE         2     0.392     R25C17D.F1 to     R25C17D.C0 SC[2]
CTOF_DEL    ---     0.452     R25C17D.C0 to     R25C17D.F0 SLICE_2
ROUTE         2     0.865     R25C17D.F0 to     R25C16D.A1 SC[3]
CTOF_DEL    ---     0.452     R25C16D.A1 to     R25C16D.F1 SLICE_1
ROUTE         2     0.392     R25C16D.F1 to     R25C16D.C0 SC[4]
CTOF_DEL    ---     0.452     R25C16D.C0 to     R25C16D.F0 SLICE_1
ROUTE         2     0.269     R25C16D.F0 to     R25C17A.D1 SC[5]
CTOF_DEL    ---     0.452     R25C17A.D1 to     R25C17A.F1 SLICE_0
ROUTE         2     0.618     R25C17A.F1 to     R25C17A.B0 SC[6]
CTOF_DEL    ---     0.452     R25C17A.B0 to     R25C17A.F0 SLICE_0
ROUTE         8     0.705     R25C17A.F0 to     R25C18A.C0 LED_c
CTOF_DEL    ---     0.452     R25C18A.C0 to     R25C18A.F0 SLICE_9
ROUTE         1     4.407     R25C18A.F0 to      111.PADDO So_c[1]
DOPAD_DEL   ---     3.448      111.PADDO to        111.PAD So[1]
                  --------
                   20.046   (44.3% logic, 55.7% route), 11 logic levels.

Report:   20.926ns is the maximum delay for this preference.


================================================================================
Preference: Default net enumeration
            39 items scored, 0 timing errors detected.
--------------------------------------------------------------------------------

Report:    4.594ns maximum delay on So_c[2]

           Delays             Connection(s)
           4.594ns       R25C18B.F0 to 113.PADDO       

Report:    4.407ns maximum delay on So_c[1]

           Delays             Connection(s)
           4.407ns       R25C18A.F0 to 111.PADDO       

Report:    4.152ns maximum delay on So_c[5]

           Delays             Connection(s)
           4.152ns       R25C16B.F0 to 121.PADDO       

Report:    4.057ns maximum delay on So_c[0]

           Delays             Connection(s)
           4.057ns       R25C18D.F0 to 109.PADDO       

Report:    3.994ns maximum delay on So_c[4]

           Delays             Connection(s)
           3.994ns       R25C16C.F0 to 119.PADDO       

Report:    3.908ns maximum delay on LED_c

           Delays             Connection(s)
           3.908ns       R25C17A.F0 to 132.PADDO       
           0.900ns       R25C17A.F0 to R25C18D.A0      
           0.705ns       R25C17A.F0 to R25C18A.C0      
           0.900ns       R25C17A.F0 to R25C18B.A0      
           0.601ns       R25C17A.F0 to R25C17C.A0      
           0.948ns       R25C17A.F0 to R25C16C.D0      
           1.258ns       R25C17A.F0 to R25C16B.A0      
           0.291ns       R25C17A.F0 to R25C17B.D0      

Report:    3.615ns maximum delay on So_c[3]

           Delays             Connection(s)
           3.615ns       R25C17C.F0 to 115.PADDO       

Report:    3.523ns maximum delay on So_c[6]

           Delays             Connection(s)
           3.523ns       R25C17B.F0 to 125.PADDO       

Report:    3.482ns maximum delay on SL_c

           Delays             Connection(s)
           2.806ns         57.PADDI to R25C18D.D1      
           2.806ns         57.PADDI to R25C18A.D1      
           2.806ns         57.PADDI to R25C18B.D1      
           2.535ns         57.PADDI to R25C17C.C1      
           3.172ns         57.PADDI to R25C16C.D1      
           3.482ns         57.PADDI to R25C16B.A1      
           2.420ns         57.PADDI to R25C17B.D1      
           2.757ns         57.PADDI to R25C18C.B1      
           2.806ns         57.PADDI to R25C18C.D0      
           2.761ns         57.PADDI to R25C17D.B1      
           2.340ns         57.PADDI to R25C17D.A0      
           3.287ns         57.PADDI to R25C16D.C1      
           3.105ns         57.PADDI to R25C16D.A0      
           2.730ns         57.PADDI to R25C17A.A1      
           2.030ns         57.PADDI to R25C17A.D0      

Report:    3.001ns maximum delay on Ai_c[7]

           Delays             Connection(s)
           3.001ns         40.PADDI to R25C18D.B1      
           2.746ns         40.PADDI to R25C17A.C0      

Report:    4.594ns is the maximum delay for this preference.

Report Summary
--------------
----------------------------------------------------------------------------
Preference                              |   Constraint|       Actual|Levels
----------------------------------------------------------------------------
                                        |             |             |
Default path enumeration                |     0.000 ns|    20.926 ns|   0  
                                        |             |             |
Default net enumeration                 |     0.000 ns|     4.594 ns|   0  
                                        |             |             |
----------------------------------------------------------------------------


All preferences were met.


Clock Domains Analysis
------------------------

Found 0 clocks:


Timing summary (Setup):
---------------

Timing errors: 0  Score: 0
Cumulative negative slack: 0

Constraints cover 299 paths, 39 nets, and 83 connections (100.00% coverage)

--------------------------------------------------------------------------------

